// Jest Snapshot v1, https://goo.gl/fbAQLP

exports[`Single renders 1`] = `
<article
  className="SnapshotsSingle"
>
  <header
    className="SnapshotsSingle__header"
  >
    <div
      className="SnapshotsSingle__title-container"
    >
      <h1
        className="SnapshotsSingle__title"
        dangerouslySetInnerHTML={
          Object {
            "__html": "Donec vel volutpat",
          }
        }
      />
    </div>
    <img
      alt="Donec vel volutpat"
      className="SnapshotsSingle__image"
      height={683}
      src="/demo/src/images/1024x683-7.jpg"
      width={1024}
    />
  </header>
  <div
    dangerouslySetInnerHTML={
      Object {
        "__html": "<section><p>Lorem ipsum dolor sit amet, consectetur adipiscing elit. Nunc quis libero at sapien tempus semper. Mauris quis ante velit. Donec vel volutpat sapien, eu efficitur mi. Etiam lacinia finibus erat, a porttitor massa auctor ut. Duis mauris nunc, sagittis non lobortis sed, volutpat quis dui. In accumsan blandit vestibulum. Aliquam erat volutpat.</p>
</section>",
      }
    }
  />
  <footer
    className="SnapshotsSingle__share-band"
  >
    <h2>
      Share
    </h2>
    <a
      href="https://www.facebook.com/sharer/sharer.php?u=about:blank"
      target="_blank"
    >
      <svg
        height="24px"
        viewBox="0 0 1792 1792"
        width="24px"
        xmlns="http://www.w3.org/2000/svg"
      >
        <title>
          Facebook
        </title>
        <path
          d="M1376 128q119 0 203.5 84.5t84.5 203.5v960q0 119-84.5 203.5t-203.5 84.5h-188v-595h199l30-232h-229v-148q0-56 23.5-84t91.5-28l122-1v-207q-63-9-178-9-136 0-217.5 80t-81.5 226v171h-200v232h200v595h-532q-119 0-203.5-84.5t-84.5-203.5v-960q0-119 84.5-203.5t203.5-84.5h960z"
          fill="currentColor"
        />
      </svg>
    </a>
    <a
      href="https://twitter.com/intent/tweet?url=about:blank&text=<p>Nunc quis libero</p>
"
      target="_blank"
    >
      <svg
        height="24px"
        viewBox="0 0 1792 1792"
        width="24px"
        xmlns="http://www.w3.org/2000/svg"
      >
        <title>
          Twitter
        </title>
        <path
          d="M1684 408q-67 98-162 167 1 14 1 42 0 130-38 259.5t-115.5 248.5-184.5 210.5-258 146-323 54.5q-271 0-496-145 35 4 78 4 225 0 401-138-105-2-188-64.5t-114-159.5q33 5 61 5 43 0 85-11-112-23-185.5-111.5t-73.5-205.5v-4q68 38 146 41-66-44-105-115t-39-154q0-88 44-163 121 149 294.5 238.5t371.5 99.5q-8-38-8-74 0-134 94.5-228.5t228.5-94.5q140 0 236 102 109-21 205-78-37 115-142 178 93-10 186-50z"
          fill="currentColor"
        />
      </svg>
    </a>
  </footer>
</article>
`;
